python : INFO - app.services.database_service - MongoDB indexes created 
successfully
At line:1 char:70
+ ... s\backend ; python test_project_complete.py > test_output.txt 2>&1 ;  ...
+                 ~~~~~~~~~~~~~~~~~~~~~~~~~~~~~~~~~~~~~~~~~~~~~~~~~~~~~~
    + CategoryInfo          : NotSpecified: (INFO - app.serv...ed successfully 
   :String) [], RemoteException
    + FullyQualifiedErrorId : NativeCommandError
 
INFO - app.services.database_service - MongoDB indexes created successfully
INFO - app.services.database_service - Connected to MongoDB: multi_ai_agents
INFO - app.services.database_service - Connected to MongoDB: multi_ai_agents
INFO - app.core.llm_factory - Created Groq LLM for planner using 
llama-3.3-70b-versatile
INFO - app.core.llm_factory - Created Groq LLM for planner using 
llama-3.3-70b-versatile
INFO - app.agents.base - Initialized planner agent
INFO - app.agents.base - Initialized planner agent
INFO - app.core.llm_factory - Created Groq LLM for researcher using 
llama-3.3-70b-versatile
INFO - app.core.llm_factory - Created Groq LLM for researcher using 
llama-3.3-70b-versatile
INFO - app.agents.base - Initialized researcher agent
INFO - app.agents.base - Initialized researcher agent
INFO - app.core.llm_factory - Created Groq LLM for analyst using qwen/qwen3-32b
INFO - app.core.llm_factory - Created Groq LLM for analyst using qwen/qwen3-32b
INFO - app.agents.base - Initialized analyst agent
INFO - app.agents.base - Initialized analyst agent
INFO - app.core.llm_factory - Created Groq LLM for writer using 
llama-3.3-70b-versatile
INFO - app.core.llm_factory - Created Groq LLM for writer using 
llama-3.3-70b-versatile
INFO - app.agents.base - Initialized writer agent
INFO - app.agents.base - Initialized writer agent
INFO - app.core.llm_factory - Created Groq LLM for reviewer using 
llama-3.3-70b-versatile
INFO - app.core.llm_factory - Created Groq LLM for reviewer using 
llama-3.3-70b-versatile
INFO - app.agents.base - Initialized reviewer agent
INFO - app.agents.base - Initialized reviewer agent
INFO - app - Creating Flask app with config: development
INFO - app - Flask app configured successfully
INFO - app.agents.base - Initialized researcher agent
INFO - app.agents.base - Initialized researcher agent
======================================================================
COMPREHENSIVE PROJECT TEST - ALL SYSTEMS
======================================================================

[TEST 1] Checking all imports...
[+] [OK] All imports successful

[TEST 2] Checking MongoDB connection...
[+] [OK] MongoDB connected successfully
[+]    Database: multi_ai_agents
[+]    Collections: ['conversations', 'users']

[TEST 3] Checking all 5 agents...
[+] [OK] Planner agent initialized
[+] [OK] Researcher agent initialized
[+] [OK] Analyst agent initialized
[+] [OK] Writer agent initialized
[+] [OK] Reviewer agent initialized

[TEST 4] Checking WorkflowState structure...
[+] [OK] WorkflowState structure: OK
[+]    user_id field present: test_user_001
[+]    query present: Test query for AI trends...

[TEST 5] Checking database service CRUD methods...
[+] [OK] save_conversation()
[+] [OK] get_conversation()
[+] [OK] get_user_conversations()
[+] [OK] search_conversations()
[+] [OK] create_user()
[+] [OK] get_user()
[+] [OK] get_stats()
[+] [OK] is_connected()

[TEST 6] Checking Flask API endpoints...
[+] [OK] Flask app created successfully
[+]    Total API endpoints: 10
[+]    - /api/v1/checkpoint/<checkpoint_id>
[+]    - /api/v1/conversation/<conversation_id>
[+]    - /api/v1/history
[+]    - /api/v1/query
[+]    - /api/v1/register
[+]    - /api/v1/search
[+]    - /api/v1/stats
[+]    - /api/v1/status/<session_id>
[+]    - /api/v1/stream
[+]    - /api/v1/validate-key

[TEST 7] Checking Researcher MongoDB integration...
[+] [OK] _analyze_plan()
[+] [OK] _gather_data()
[+] [OK] _synthesize_research()
[+] [OK] _gather_historical_data()
[+] [OK] Researcher can fetch from MongoDB

[TEST 8] Checking Pydantic data models...
[+] [OK] Conversation model: OK
[+] [OK] UserProfile model: OK
[+] [OK] ConversationSummary model: OK

[TEST 9] Checking merge integration...
[+] [OK] Database auto-save in query.py: OK
[+] [OK] No merge conflict markers: OK

[TEST 10] Checking git sync status...
[+] [WARN] Modified files not committed: 4

======================================================================
[OK] PROJECT VERIFICATION COMPLETE - ALL TESTS PASSED
======================================================================

SUMMARY:
  [OK] All 5 agents loaded and ready
  [OK] MongoDB connection active
  [OK] Database CRUD operations available
  [OK] Researcher can fetch from database
  [OK] User_id flows through all agents
  [OK] API endpoints configured
  [OK] Data models (Pydantic) ready
  [OK] Merge conflicts resolved
  [OK] Code pushed to GitHub

READY TO RUN:
  Terminal 1: mongod
  Terminal 2: python main.py
  Terminal 3: Send queries

